exports[`Stream snapshot 1`] = `
<div>
  <div>
    <button
      onClick={undefined}
      type="button">
      Login
    </button>
  </div>
  <br />
  <div />
</div>
`;
